Reusing configuration cache.
> Task :jarJar NO-SOURCE
> Task :processTestResources NO-SOURCE
> Task :createMinecraftArtifacts UP-TO-DATE
> Task :compileJava UP-TO-DATE
> Task :generateModMetadata
> Task :processResources
> Task :classes
> Task :compileTestJava NO-SOURCE
> Task :testClasses UP-TO-DATE
> Task :test NO-SOURCE
> Task :check UP-TO-DATE
> Task :jar
> Task :assemble
> Task :build

BUILD SUCCESSFUL in 3s
5 actionable tasks: 3 executed, 2 up-to-date
Configuration cache entry reused.
